// Jest Snapshot v1, https://goo.gl/fbAQLP

exports[`Register Renders correctly with snapshot 1`] = `ShallowWrapper {}`;
