// Jest Snapshot v1, https://goo.gl/fbAQLP

exports[`App Renders correctly with snapshot 1`] = `ShallowWrapper {}`;
